[0.006s] Invoking command in '/root/user_ws/build/ohm_ros2': CMAKE_PREFIX_PATH=/opt/ros/humble /usr/bin/cmake /root/user_ws/src/ohm_ros2 -DAMENT_CMAKE_SYMLINK_INSTALL=1 -DCMAKE_INSTALL_PREFIX=/root/user_ws/install/ohm_ros2
[0.086s] -- The CXX compiler identification is GNU 11.4.0
[0.092s] -- Detecting CXX compiler ABI info
[0.164s] -- Detecting CXX compiler ABI info - done
[0.170s] -- Check for working CXX compiler: /usr/bin/c++ - skipped
[0.170s] -- Detecting CXX compile features
[0.171s] -- Detecting CXX compile features - done
[0.172s] -- Found ament_cmake: 1.3.14 (/opt/ros/humble/share/ament_cmake/cmake)
[0.270s] -- Found Python3: /usr/bin/python3 (found version "3.10.12") found components: Interpreter 
[0.314s] -- Override CMake install command with custom implementation using symlinks instead of copying resources
[0.328s] -- Found rclcpp: 16.0.19 (/opt/ros/humble/share/rclcpp/cmake)
[0.350s] -- Found rosidl_generator_c: 3.1.8 (/opt/ros/humble/share/rosidl_generator_c/cmake)
[0.352s] -- Found rosidl_adapter: 3.1.8 (/opt/ros/humble/share/rosidl_adapter/cmake)
[0.357s] -- Found rosidl_generator_cpp: 3.1.8 (/opt/ros/humble/share/rosidl_generator_cpp/cmake)
[0.363s] -- Using all available rosidl_typesupport_c: rosidl_typesupport_fastrtps_c;rosidl_typesupport_introspection_c
[0.372s] -- Using all available rosidl_typesupport_cpp: rosidl_typesupport_fastrtps_cpp;rosidl_typesupport_introspection_cpp
[0.396s] -- Found rmw_implementation_cmake: 6.1.2 (/opt/ros/humble/share/rmw_implementation_cmake/cmake)
[0.397s] -- Found rmw_fastrtps_cpp: 6.2.10 (/opt/ros/humble/share/rmw_fastrtps_cpp/cmake)
[0.464s] -- Found OpenSSL: /usr/lib/x86_64-linux-gnu/libcrypto.so (found version "3.0.2")  
[0.486s] -- Found FastRTPS: /opt/ros/humble/include  
[0.512s] -- Using RMW implementation 'rmw_fastrtps_cpp' as default
[0.517s] -- Looking for C++ include pthread.h
[0.611s] -- Looking for C++ include pthread.h - found
[0.611s] -- Performing Test CMAKE_HAVE_LIBC_PTHREAD
[0.684s] -- Performing Test CMAKE_HAVE_LIBC_PTHREAD - Success
[0.685s] -- Found Threads: TRUE  
[0.713s] -- Found sensor_msgs: 4.9.1 (/opt/ros/humble/share/sensor_msgs/cmake)
[0.731s] -- Found std_srvs: 4.9.1 (/opt/ros/humble/share/std_srvs/cmake)
[0.736s] -- Found tf2: 0.25.20 (/opt/ros/humble/share/tf2/cmake)
[0.742s] -- Found tf2_ros: 0.25.20 (/opt/ros/humble/share/tf2_ros/cmake)
[0.792s] -- Found tf2_geometry_msgs: 0.25.20 (/opt/ros/humble/share/tf2_geometry_msgs/cmake)
[0.799s] -- Found eigen3_cmake_module: 0.1.1 (/opt/ros/humble/share/eigen3_cmake_module/cmake)
[0.800s] -- Found Eigen3: TRUE (found version "3.4.0") 
[0.800s] -- Ensuring Eigen3 include directory is part of orocos-kdl CMake target
[0.801s] -- Found tf2_sensor_msgs: 0.25.20 (/opt/ros/humble/share/tf2_sensor_msgs/cmake)
[0.890s] -- Found CUDAToolkit: /usr/local/cuda/include (found version "12.2.140") 
[0.920s] -- Found OpenGL: /usr/lib/x86_64-linux-gnu/libOpenGL.so   
[0.944s] -- Found GLEW: /usr/include (found version "2.2.0") 
[0.945s] [31mCMake Error at /usr/lib/cmake/glm/glmConfig-version.cmake:2 (if):
[0.946s]   if given arguments:
[0.946s] 
[0.946s]     "VERSION_LESS" "0.9.9"
[0.946s] 
[0.946s]   Unknown arguments specified
[0.946s] Call Stack (most recent call first):
[0.946s]   CMakeLists.txt:27 (find_package)
[0.946s] 
[0.946s] [0m
[0.946s] -- Configuring incomplete, errors occurred!
[0.946s] See also "/root/user_ws/build/ohm_ros2/CMakeFiles/CMakeOutput.log".
[0.950s] Invoked command in '/root/user_ws/build/ohm_ros2' returned '1': CMAKE_PREFIX_PATH=/opt/ros/humble /usr/bin/cmake /root/user_ws/src/ohm_ros2 -DAMENT_CMAKE_SYMLINK_INSTALL=1 -DCMAKE_INSTALL_PREFIX=/root/user_ws/install/ohm_ros2
