-- Found ament_cmake: 1.3.14 (/opt/ros/humble/share/ament_cmake/cmake)
-- Override CMake install command with custom implementation using symlinks instead of copying resources
-- Found rclcpp: 16.0.19 (/opt/ros/humble/share/rclcpp/cmake)
-- Found rosidl_generator_c: 3.1.8 (/opt/ros/humble/share/rosidl_generator_c/cmake)
-- Found rosidl_adapter: 3.1.8 (/opt/ros/humble/share/rosidl_adapter/cmake)
-- Found rosidl_generator_cpp: 3.1.8 (/opt/ros/humble/share/rosidl_generator_cpp/cmake)
-- Using all available rosidl_typesupport_c: rosidl_typesupport_fastrtps_c;rosidl_typesupport_introspection_c
-- Using all available rosidl_typesupport_cpp: rosidl_typesupport_fastrtps_cpp;rosidl_typesupport_introspection_cpp
-- Found rmw_implementation_cmake: 6.1.2 (/opt/ros/humble/share/rmw_implementation_cmake/cmake)
-- Found rmw_fastrtps_cpp: 6.2.10 (/opt/ros/humble/share/rmw_fastrtps_cpp/cmake)
-- Using RMW implementation 'rmw_fastrtps_cpp' as default
-- Found sensor_msgs: 4.9.1 (/opt/ros/humble/share/sensor_msgs/cmake)
-- Found std_srvs: 4.9.1 (/opt/ros/humble/share/std_srvs/cmake)
-- Found tf2: 0.25.20 (/opt/ros/humble/share/tf2/cmake)
-- Found tf2_ros: 0.25.20 (/opt/ros/humble/share/tf2_ros/cmake)
-- Found tf2_geometry_msgs: 0.25.20 (/opt/ros/humble/share/tf2_geometry_msgs/cmake)
-- Found eigen3_cmake_module: 0.1.1 (/opt/ros/humble/share/eigen3_cmake_module/cmake)
-- Ensuring Eigen3 include directory is part of orocos-kdl CMake target
-- Found tf2_sensor_msgs: 0.25.20 (/opt/ros/humble/share/tf2_sensor_msgs/cmake)
-- Configuring done
-- Generating done
-- Build files have been written to: /root/user_ws/build/ohm_ros2
[ 50%] [32mBuilding CXX object CMakeFiles/ohm_live_node.dir/src/ohm_live_node.cpp.o[0m
[100%] [32m[1mLinking CXX executable ohm_live_node[0m
[100%] Built target ohm_live_node
-- Install configuration: "Release"
-- Execute custom install script
-- Symlinking: /root/user_ws/install/ohm_ros2/lib/ohm_ros2/ohm_live_node
-- Symlinking: /root/user_ws/install/ohm_ros2/share/ohm_ros2/launch/ohm_live.launch.py
-- Symlinking: /root/user_ws/install/ohm_ros2/share/ohm_ros2/config/ohm_live.yaml
-- Symlinking: /root/user_ws/install/ohm_ros2/share/ament_index/resource_index/package_run_dependencies/ohm_ros2
-- Symlinking: /root/user_ws/install/ohm_ros2/share/ament_index/resource_index/parent_prefix_path/ohm_ros2
-- Symlinking: /root/user_ws/install/ohm_ros2/share/ohm_ros2/environment/ament_prefix_path.sh
-- Symlinking: /root/user_ws/install/ohm_ros2/share/ohm_ros2/environment/ament_prefix_path.dsv
-- Symlinking: /root/user_ws/install/ohm_ros2/share/ohm_ros2/environment/path.sh
-- Symlinking: /root/user_ws/install/ohm_ros2/share/ohm_ros2/environment/path.dsv
-- Symlinking: /root/user_ws/install/ohm_ros2/share/ohm_ros2/local_setup.bash
-- Symlinking: /root/user_ws/install/ohm_ros2/share/ohm_ros2/local_setup.sh
-- Symlinking: /root/user_ws/install/ohm_ros2/share/ohm_ros2/local_setup.zsh
-- Symlinking: /root/user_ws/install/ohm_ros2/share/ohm_ros2/local_setup.dsv
-- Symlinking: /root/user_ws/install/ohm_ros2/share/ohm_ros2/package.dsv
-- Symlinking: /root/user_ws/install/ohm_ros2/share/ament_index/resource_index/packages/ohm_ros2
-- Symlinking: /root/user_ws/install/ohm_ros2/share/ohm_ros2/cmake/ohm_ros2Config.cmake
-- Symlinking: /root/user_ws/install/ohm_ros2/share/ohm_ros2/cmake/ohm_ros2Config-version.cmake
-- Symlinking: /root/user_ws/install/ohm_ros2/share/ohm_ros2/package.xml
