[0.008s] Invoking command in '/root/user_ws/build/ohm_ros2': CMAKE_PREFIX_PATH=/opt/ros/humble /usr/bin/cmake /root/user_ws/src/ohm_ros2 -DAMENT_CMAKE_SYMLINK_INSTALL=1 -DCMAKE_INSTALL_PREFIX=/root/user_ws/install/ohm_ros2
[0.017s] -- Found ament_cmake: 1.3.14 (/opt/ros/humble/share/ament_cmake/cmake)
[0.096s] -- Override CMake install command with custom implementation using symlinks instead of copying resources
[0.100s] -- Found rclcpp: 16.0.19 (/opt/ros/humble/share/rclcpp/cmake)
[0.121s] -- Found rosidl_generator_c: 3.1.8 (/opt/ros/humble/share/rosidl_generator_c/cmake)
[0.123s] -- Found rosidl_adapter: 3.1.8 (/opt/ros/humble/share/rosidl_adapter/cmake)
[0.128s] -- Found rosidl_generator_cpp: 3.1.8 (/opt/ros/humble/share/rosidl_generator_cpp/cmake)
[0.134s] -- Using all available rosidl_typesupport_c: rosidl_typesupport_fastrtps_c;rosidl_typesupport_introspection_c
[0.141s] -- Using all available rosidl_typesupport_cpp: rosidl_typesupport_fastrtps_cpp;rosidl_typesupport_introspection_cpp
[0.159s] -- Found rmw_implementation_cmake: 6.1.2 (/opt/ros/humble/share/rmw_implementation_cmake/cmake)
[0.160s] -- Found rmw_fastrtps_cpp: 6.2.10 (/opt/ros/humble/share/rmw_fastrtps_cpp/cmake)
[0.226s] -- Using RMW implementation 'rmw_fastrtps_cpp' as default
[0.255s] -- Found sensor_msgs: 4.9.1 (/opt/ros/humble/share/sensor_msgs/cmake)
[0.270s] -- Found std_srvs: 4.9.1 (/opt/ros/humble/share/std_srvs/cmake)
[0.275s] -- Found tf2: 0.25.20 (/opt/ros/humble/share/tf2/cmake)
[0.278s] -- Found tf2_ros: 0.25.20 (/opt/ros/humble/share/tf2_ros/cmake)
[0.322s] -- Found tf2_geometry_msgs: 0.25.20 (/opt/ros/humble/share/tf2_geometry_msgs/cmake)
[0.324s] -- Found eigen3_cmake_module: 0.1.1 (/opt/ros/humble/share/eigen3_cmake_module/cmake)
[0.325s] -- Ensuring Eigen3 include directory is part of orocos-kdl CMake target
[0.325s] -- Found tf2_sensor_msgs: 0.25.20 (/opt/ros/humble/share/tf2_sensor_msgs/cmake)
[0.425s] -- Configuring done
[0.434s] -- Generating done
[0.436s] -- Build files have been written to: /root/user_ws/build/ohm_ros2
[0.442s] Invoked command in '/root/user_ws/build/ohm_ros2' returned '0': CMAKE_PREFIX_PATH=/opt/ros/humble /usr/bin/cmake /root/user_ws/src/ohm_ros2 -DAMENT_CMAKE_SYMLINK_INSTALL=1 -DCMAKE_INSTALL_PREFIX=/root/user_ws/install/ohm_ros2
[0.443s] Invoking command in '/root/user_ws/build/ohm_ros2': CMAKE_PREFIX_PATH=/opt/ros/humble /usr/bin/cmake --build /root/user_ws/build/ohm_ros2 -- -j20 -l20
[0.485s] [ 50%] [32mBuilding CXX object CMakeFiles/ohm_live_node.dir/src/ohm_live_node.cpp.o[0m
[7.995s] [100%] [32m[1mLinking CXX executable ohm_live_node[0m
[8.133s] [100%] Built target ohm_live_node
[8.141s] Invoked command in '/root/user_ws/build/ohm_ros2' returned '0': CMAKE_PREFIX_PATH=/opt/ros/humble /usr/bin/cmake --build /root/user_ws/build/ohm_ros2 -- -j20 -l20
[8.146s] Invoking command in '/root/user_ws/build/ohm_ros2': CMAKE_PREFIX_PATH=/opt/ros/humble /usr/bin/cmake --install /root/user_ws/build/ohm_ros2
[8.151s] -- Install configuration: "Release"
[8.151s] -- Execute custom install script
[8.151s] -- Symlinking: /root/user_ws/install/ohm_ros2/lib/ohm_ros2/ohm_live_node
[8.157s] -- Symlinking: /root/user_ws/install/ohm_ros2/share/ohm_ros2/launch/ohm_live.launch.py
[8.164s] -- Symlinking: /root/user_ws/install/ohm_ros2/share/ohm_ros2/config/ohm_live.yaml
[8.174s] -- Symlinking: /root/user_ws/install/ohm_ros2/share/ament_index/resource_index/package_run_dependencies/ohm_ros2
[8.183s] -- Symlinking: /root/user_ws/install/ohm_ros2/share/ament_index/resource_index/parent_prefix_path/ohm_ros2
[8.191s] -- Symlinking: /root/user_ws/install/ohm_ros2/share/ohm_ros2/environment/ament_prefix_path.sh
[8.203s] -- Symlinking: /root/user_ws/install/ohm_ros2/share/ohm_ros2/environment/ament_prefix_path.dsv
[8.212s] -- Symlinking: /root/user_ws/install/ohm_ros2/share/ohm_ros2/environment/path.sh
[8.221s] -- Symlinking: /root/user_ws/install/ohm_ros2/share/ohm_ros2/environment/path.dsv
[8.229s] -- Symlinking: /root/user_ws/install/ohm_ros2/share/ohm_ros2/local_setup.bash
[8.239s] -- Symlinking: /root/user_ws/install/ohm_ros2/share/ohm_ros2/local_setup.sh
[8.252s] -- Symlinking: /root/user_ws/install/ohm_ros2/share/ohm_ros2/local_setup.zsh
[8.264s] -- Symlinking: /root/user_ws/install/ohm_ros2/share/ohm_ros2/local_setup.dsv
[8.279s] -- Symlinking: /root/user_ws/install/ohm_ros2/share/ohm_ros2/package.dsv
[8.290s] -- Symlinking: /root/user_ws/install/ohm_ros2/share/ament_index/resource_index/packages/ohm_ros2
[8.299s] -- Symlinking: /root/user_ws/install/ohm_ros2/share/ohm_ros2/cmake/ohm_ros2Config.cmake
[8.310s] -- Symlinking: /root/user_ws/install/ohm_ros2/share/ohm_ros2/cmake/ohm_ros2Config-version.cmake
[8.319s] -- Symlinking: /root/user_ws/install/ohm_ros2/share/ohm_ros2/package.xml
[8.335s] Invoked command in '/root/user_ws/build/ohm_ros2' returned '0': CMAKE_PREFIX_PATH=/opt/ros/humble /usr/bin/cmake --install /root/user_ws/build/ohm_ros2
