[0.010s] Invoking command in '/root/user_ws/build/ohm_ros2': CMAKE_PREFIX_PATH=${CMAKE_PREFIX_PATH}:/opt/ros/humble /usr/bin/cmake --build /root/user_ws/build/ohm_ros2 -- -j20 -l20
[0.062s] [35m[1mConsolidate compiler generated dependencies of target ohm_live_node[0m
[0.091s] [ 50%] [32mBuilding CXX object CMakeFiles/ohm_live_node.dir/src/ohm_live_node.cpp.o[0m
[7.527s] [100%] [32m[1mLinking CXX executable ohm_live_node[0m
[7.686s] [100%] Built target ohm_live_node
[7.693s] Invoked command in '/root/user_ws/build/ohm_ros2' returned '0': CMAKE_PREFIX_PATH=${CMAKE_PREFIX_PATH}:/opt/ros/humble /usr/bin/cmake --build /root/user_ws/build/ohm_ros2 -- -j20 -l20
[7.703s] Invoking command in '/root/user_ws/build/ohm_ros2': CMAKE_PREFIX_PATH=${CMAKE_PREFIX_PATH}:/opt/ros/humble /usr/bin/cmake --install /root/user_ws/build/ohm_ros2
[7.714s] -- Install configuration: "Release"
[7.715s] -- Execute custom install script
[7.716s] -- Up-to-date symlink: /root/user_ws/install/ohm_ros2/lib/ohm_ros2/ohm_live_node
[7.716s] -- Up-to-date symlink: /root/user_ws/install/ohm_ros2/share/ohm_ros2/launch/ohm_live.launch.py
[7.716s] -- Up-to-date symlink: /root/user_ws/install/ohm_ros2/share/ohm_ros2/config/ohm_live.yaml
[7.717s] -- Up-to-date symlink: /root/user_ws/install/ohm_ros2/share/ament_index/resource_index/package_run_dependencies/ohm_ros2
[7.717s] -- Up-to-date symlink: /root/user_ws/install/ohm_ros2/share/ament_index/resource_index/parent_prefix_path/ohm_ros2
[7.717s] -- Up-to-date symlink: /root/user_ws/install/ohm_ros2/share/ohm_ros2/environment/ament_prefix_path.sh
[7.717s] -- Up-to-date symlink: /root/user_ws/install/ohm_ros2/share/ohm_ros2/environment/ament_prefix_path.dsv
[7.717s] -- Up-to-date symlink: /root/user_ws/install/ohm_ros2/share/ohm_ros2/environment/path.sh
[7.717s] -- Up-to-date symlink: /root/user_ws/install/ohm_ros2/share/ohm_ros2/environment/path.dsv
[7.717s] -- Up-to-date symlink: /root/user_ws/install/ohm_ros2/share/ohm_ros2/local_setup.bash
[7.718s] -- Up-to-date symlink: /root/user_ws/install/ohm_ros2/share/ohm_ros2/local_setup.sh
[7.718s] -- Up-to-date symlink: /root/user_ws/install/ohm_ros2/share/ohm_ros2/local_setup.zsh
[7.718s] -- Up-to-date symlink: /root/user_ws/install/ohm_ros2/share/ohm_ros2/local_setup.dsv
[7.718s] -- Symlinking: /root/user_ws/install/ohm_ros2/share/ohm_ros2/package.dsv
[7.729s] -- Up-to-date symlink: /root/user_ws/install/ohm_ros2/share/ament_index/resource_index/packages/ohm_ros2
[7.729s] -- Up-to-date symlink: /root/user_ws/install/ohm_ros2/share/ohm_ros2/cmake/ohm_ros2Config.cmake
[7.729s] -- Up-to-date symlink: /root/user_ws/install/ohm_ros2/share/ohm_ros2/cmake/ohm_ros2Config-version.cmake
[7.729s] -- Up-to-date symlink: /root/user_ws/install/ohm_ros2/share/ohm_ros2/package.xml
[7.732s] Invoked command in '/root/user_ws/build/ohm_ros2' returned '0': CMAKE_PREFIX_PATH=${CMAKE_PREFIX_PATH}:/opt/ros/humble /usr/bin/cmake --install /root/user_ws/build/ohm_ros2
