[0.013s] Invoking command in '/root/user_ws/build/ohm_ros2': CMAKE_PREFIX_PATH=${CMAKE_PREFIX_PATH}:/opt/ros/humble /usr/bin/cmake /root/user_ws/src/ohm_ros2 -DCMAKE_INSTALL_PREFIX=/root/user_ws/install/ohm_ros2
[0.111s] -- Found ament_cmake: 1.3.14 (/opt/ros/humble/share/ament_cmake/cmake)
[0.221s] -- Override CMake install command with custom implementation using symlinks instead of copying resources
[0.248s] -- Found rclcpp: 16.0.19 (/opt/ros/humble/share/rclcpp/cmake)
[0.292s] -- Found rosidl_generator_c: 3.1.8 (/opt/ros/humble/share/rosidl_generator_c/cmake)
[0.296s] -- Found rosidl_adapter: 3.1.8 (/opt/ros/humble/share/rosidl_adapter/cmake)
[0.303s] -- Found rosidl_generator_cpp: 3.1.8 (/opt/ros/humble/share/rosidl_generator_cpp/cmake)
[0.315s] -- Using all available rosidl_typesupport_c: rosidl_typesupport_fastrtps_c;rosidl_typesupport_introspection_c
[0.327s] -- Using all available rosidl_typesupport_cpp: rosidl_typesupport_fastrtps_cpp;rosidl_typesupport_introspection_cpp
[0.365s] -- Found rmw_implementation_cmake: 6.1.2 (/opt/ros/humble/share/rmw_implementation_cmake/cmake)
[0.367s] -- Found rmw_fastrtps_cpp: 6.2.10 (/opt/ros/humble/share/rmw_fastrtps_cpp/cmake)
[0.471s] -- Using RMW implementation 'rmw_fastrtps_cpp' as default
[0.560s] -- Found sensor_msgs: 4.9.1 (/opt/ros/humble/share/sensor_msgs/cmake)
[0.586s] -- Found std_srvs: 4.9.1 (/opt/ros/humble/share/std_srvs/cmake)
[0.596s] -- Found tf2: 0.25.20 (/opt/ros/humble/share/tf2/cmake)
[0.601s] -- Found tf2_ros: 0.25.20 (/opt/ros/humble/share/tf2_ros/cmake)
[0.676s] -- Found tf2_geometry_msgs: 0.25.20 (/opt/ros/humble/share/tf2_geometry_msgs/cmake)
[0.684s] -- Found eigen3_cmake_module: 0.1.1 (/opt/ros/humble/share/eigen3_cmake_module/cmake)
[0.686s] -- Ensuring Eigen3 include directory is part of orocos-kdl CMake target
[0.688s] -- Found tf2_sensor_msgs: 0.25.20 (/opt/ros/humble/share/tf2_sensor_msgs/cmake)
[0.901s] -- Configuring done
[0.941s] -- Generating done
[0.945s] -- Build files have been written to: /root/user_ws/build/ohm_ros2
[0.952s] Invoked command in '/root/user_ws/build/ohm_ros2' returned '0': CMAKE_PREFIX_PATH=${CMAKE_PREFIX_PATH}:/opt/ros/humble /usr/bin/cmake /root/user_ws/src/ohm_ros2 -DCMAKE_INSTALL_PREFIX=/root/user_ws/install/ohm_ros2
[0.953s] Invoking command in '/root/user_ws/build/ohm_ros2': CMAKE_PREFIX_PATH=${CMAKE_PREFIX_PATH}:/opt/ros/humble /usr/bin/cmake --build /root/user_ws/build/ohm_ros2 -- -j20 -l20
[0.998s] [35m[1mConsolidate compiler generated dependencies of target ohm_live_node[0m
[1.059s] [ 50%] [32mBuilding CXX object CMakeFiles/ohm_live_node.dir/src/ohm_live_node.cpp.o[0m
[9.305s] [100%] [32m[1mLinking CXX executable ohm_live_node[0m
[9.554s] [100%] Built target ohm_live_node
[9.562s] Invoked command in '/root/user_ws/build/ohm_ros2' returned '0': CMAKE_PREFIX_PATH=${CMAKE_PREFIX_PATH}:/opt/ros/humble /usr/bin/cmake --build /root/user_ws/build/ohm_ros2 -- -j20 -l20
[9.570s] Invoking command in '/root/user_ws/build/ohm_ros2': CMAKE_PREFIX_PATH=${CMAKE_PREFIX_PATH}:/opt/ros/humble /usr/bin/cmake --install /root/user_ws/build/ohm_ros2
[9.575s] -- Install configuration: "Release"
[9.576s] -- Execute custom install script
[9.576s] -- Up-to-date symlink: /root/user_ws/install/ohm_ros2/lib/ohm_ros2/ohm_live_node
[9.576s] -- Up-to-date symlink: /root/user_ws/install/ohm_ros2/share/ohm_ros2/launch/ohm_live.launch.py
[9.576s] -- Up-to-date symlink: /root/user_ws/install/ohm_ros2/share/ohm_ros2/config/ohm_live.yaml
[9.577s] -- Up-to-date symlink: /root/user_ws/install/ohm_ros2/share/ament_index/resource_index/package_run_dependencies/ohm_ros2
[9.577s] -- Up-to-date symlink: /root/user_ws/install/ohm_ros2/share/ament_index/resource_index/parent_prefix_path/ohm_ros2
[9.577s] -- Up-to-date symlink: /root/user_ws/install/ohm_ros2/share/ohm_ros2/environment/ament_prefix_path.sh
[9.577s] -- Up-to-date symlink: /root/user_ws/install/ohm_ros2/share/ohm_ros2/environment/ament_prefix_path.dsv
[9.577s] -- Up-to-date symlink: /root/user_ws/install/ohm_ros2/share/ohm_ros2/environment/path.sh
[9.577s] -- Up-to-date symlink: /root/user_ws/install/ohm_ros2/share/ohm_ros2/environment/path.dsv
[9.577s] -- Up-to-date symlink: /root/user_ws/install/ohm_ros2/share/ohm_ros2/local_setup.bash
[9.578s] -- Up-to-date symlink: /root/user_ws/install/ohm_ros2/share/ohm_ros2/local_setup.sh
[9.578s] -- Up-to-date symlink: /root/user_ws/install/ohm_ros2/share/ohm_ros2/local_setup.zsh
[9.578s] -- Up-to-date symlink: /root/user_ws/install/ohm_ros2/share/ohm_ros2/local_setup.dsv
[9.578s] -- Symlinking: /root/user_ws/install/ohm_ros2/share/ohm_ros2/package.dsv
[9.591s] -- Up-to-date symlink: /root/user_ws/install/ohm_ros2/share/ament_index/resource_index/packages/ohm_ros2
[9.591s] -- Up-to-date symlink: /root/user_ws/install/ohm_ros2/share/ohm_ros2/cmake/ohm_ros2Config.cmake
[9.591s] -- Up-to-date symlink: /root/user_ws/install/ohm_ros2/share/ohm_ros2/cmake/ohm_ros2Config-version.cmake
[9.592s] -- Up-to-date symlink: /root/user_ws/install/ohm_ros2/share/ohm_ros2/package.xml
[9.595s] Invoked command in '/root/user_ws/build/ohm_ros2' returned '0': CMAKE_PREFIX_PATH=${CMAKE_PREFIX_PATH}:/opt/ros/humble /usr/bin/cmake --install /root/user_ws/build/ohm_ros2
