[0.010s] Invoking command in '/root/user_ws/build/ohm_ros2': CMAKE_PREFIX_PATH=${CMAKE_PREFIX_PATH}:/opt/ros/humble /usr/bin/cmake --build /root/user_ws/build/ohm_ros2 -- -j20 -l20
[0.061s] [35m[1mConsolidate compiler generated dependencies of target ohm_live_node[0m
[0.080s] [100%] Built target ohm_live_node
[0.089s] Invoked command in '/root/user_ws/build/ohm_ros2' returned '0': CMAKE_PREFIX_PATH=${CMAKE_PREFIX_PATH}:/opt/ros/humble /usr/bin/cmake --build /root/user_ws/build/ohm_ros2 -- -j20 -l20
[0.097s] Invoking command in '/root/user_ws/build/ohm_ros2': CMAKE_PREFIX_PATH=${CMAKE_PREFIX_PATH}:/opt/ros/humble /usr/bin/cmake --install /root/user_ws/build/ohm_ros2
[0.105s] -- Install configuration: "Release"
[0.105s] -- Execute custom install script
[0.105s] -- Up-to-date symlink: /root/user_ws/install/ohm_ros2/lib/ohm_ros2/ohm_live_node
[0.105s] -- Up-to-date symlink: /root/user_ws/install/ohm_ros2/share/ohm_ros2/launch/ohm_live.launch.py
[0.106s] -- Up-to-date symlink: /root/user_ws/install/ohm_ros2/share/ohm_ros2/config/ohm_live.yaml
[0.106s] -- Up-to-date symlink: /root/user_ws/install/ohm_ros2/share/ament_index/resource_index/package_run_dependencies/ohm_ros2
[0.106s] -- Up-to-date symlink: /root/user_ws/install/ohm_ros2/share/ament_index/resource_index/parent_prefix_path/ohm_ros2
[0.106s] -- Up-to-date symlink: /root/user_ws/install/ohm_ros2/share/ohm_ros2/environment/ament_prefix_path.sh
[0.106s] -- Up-to-date symlink: /root/user_ws/install/ohm_ros2/share/ohm_ros2/environment/ament_prefix_path.dsv
[0.106s] -- Up-to-date symlink: /root/user_ws/install/ohm_ros2/share/ohm_ros2/environment/path.sh
[0.106s] -- Up-to-date symlink: /root/user_ws/install/ohm_ros2/share/ohm_ros2/environment/path.dsv
[0.106s] -- Up-to-date symlink: /root/user_ws/install/ohm_ros2/share/ohm_ros2/local_setup.bash
[0.106s] -- Up-to-date symlink: /root/user_ws/install/ohm_ros2/share/ohm_ros2/local_setup.sh
[0.106s] -- Up-to-date symlink: /root/user_ws/install/ohm_ros2/share/ohm_ros2/local_setup.zsh
[0.107s] -- Up-to-date symlink: /root/user_ws/install/ohm_ros2/share/ohm_ros2/local_setup.dsv
[0.107s] -- Symlinking: /root/user_ws/install/ohm_ros2/share/ohm_ros2/package.dsv
[0.117s] -- Up-to-date symlink: /root/user_ws/install/ohm_ros2/share/ament_index/resource_index/packages/ohm_ros2
[0.117s] -- Up-to-date symlink: /root/user_ws/install/ohm_ros2/share/ohm_ros2/cmake/ohm_ros2Config.cmake
[0.118s] -- Up-to-date symlink: /root/user_ws/install/ohm_ros2/share/ohm_ros2/cmake/ohm_ros2Config-version.cmake
[0.118s] -- Up-to-date symlink: /root/user_ws/install/ohm_ros2/share/ohm_ros2/package.xml
[0.120s] Invoked command in '/root/user_ws/build/ohm_ros2' returned '0': CMAKE_PREFIX_PATH=${CMAKE_PREFIX_PATH}:/opt/ros/humble /usr/bin/cmake --install /root/user_ws/build/ohm_ros2
